>>> import torch
>>> import torc.nn as nn
Traceback (most recent call last):
  File "<stdin>", line 1, in <module>
ModuleNotFoundError: No module named 'torc'
>>> import torch.nn as nn
>>> im = rand(1,5,3,3)
Traceback (most recent call last):
  File "<stdin>", line 1, in <module>
NameError: name 'rand' is not defined
>>> im = torch.rand(1,5,3,3)
>>> c = nn.Conv2d(5,7,kernel_size=1,stride=1,padding=0,bias=False)
>>> output=c(im)
>>> print(c)
Conv2d(5, 7, kernel_size=(1, 1), stride=(1, 1), bias=False)
>>> print(im)

tensor(0.4244, 0.3091, 0.7797,
          0.7496, 0.7195, 0.6889,
          0.3440, 0.2429, 0.5033,

         0.3550, 0.3360, 0.5398,
          0.3238, 0.7674, 0.7014,
          0.9794, 0.8237, 0.3186,

         0.4728, 0.3721, 0.6978,
          0.4609, 0.1075, 0.4288,
          0.1426, 0.9303, 0.2984,

         0.7029, 0.4923, 0.0368,
          0.2966, 0.4804, 0.3115,
          0.1282, 0.6885, 0.5157,

         0.1035, 0.3871, 0.2454,
          0.3217, 0.0062, 0.8199,
          0.2483, 0.0706, 0.6427)
>>> print(output)
tensor( 0.0242,  0.1131, -0.1367,
          -0.0240, -0.0309,  0.1600,
           0.0378, -0.0316,  0.1841,

          0.0509,  0.0452,  0.3655,
           0.1133,  0.1276,  0.1803,
           0.3202,  0.4097, -0.0373,

          0.4245,  0.2223,  0.3320,
           0.3693,  0.2509,  0.1292,
          -0.1029,  0.3834,  0.2264,

         -0.1592, -0.2317,  0.0826,
          -0.0422, -0.0540, -0.2813,
          -0.1246, -0.1727, -0.3016,

         -0.2326, -0.2350,  0.0647,
           0.0076,  0.0495, -0.1343,
          -0.0408, -0.4226, -0.1988,

         -0.4278, -0.3003, -0.1305,
          -0.0980, -0.2148, -0.1632,
          -0.2351, -0.7907, -0.1822,

         -0.2403, -0.0694, -0.4367,
          -0.2234, -0.2920, -0.0663,
          -0.2210, -0.5287,  0.0488, grad_fn=<MkldnnConvolutionBackward>)
>>> print(list(c.parameters()))
Parameter containing:
tensor(-0.1499,

          0.0072,

         -0.1595,

          0.1800,

          0.3299,


        -0.0621,

          0.3646,

          0.3682,

         -0.3047,

         -0.1166,


         0.3721,

         -0.2708,

          0.3296,

          0.3266,

         -0.2199,


         0.2098,

         -0.0757,

          0.0936,

         -0.3217,

         -0.3813,


         0.4034,

         -0.0514,

         -0.2285,

         -0.3653,

         -0.2004,


         0.3478,

         -0.2777,

         -0.3766,

         -0.4414,

          0.1110,


        -0.1633,

         -0.2303,

         -0.4248,

          0.0939,

          0.4397, requires_grad=True)

